src/components/AddClientDialog.tsx(126,45): error TS2559: Type 'string[]' has no properties in common with type 'InvalidateQueryFilters<readonly unknown[]>'.
src/components/AddInvoiceDialog.tsx(333,72): error TS2339: Property 'item_category' does not exist on type 'Partial<InvoiceItem>'.
src/components/AddInvoiceDialog.tsx(872,29): error TS2339: Property 'item_category' does not exist on type 'Partial<InvoiceItem>'.
src/components/AddInvoiceDialog.tsx(1270,47): error TS2339: Property 'item_category' does not exist on type 'Partial<InvoiceItem>'.
src/components/AddInvoiceDialog.tsx(1271,79): error TS2345: Argument of type '"item_category"' is not assignable to parameter of type 'keyof InvoiceItem'.
src/components/ClientCard.tsx(93,19): error TS2561: Object literal may only specify known properties, but 'is_favorite' does not exist in type '{ Add?: number; assurance?: string; created_at?: string; favorite?: boolean; gender?: string; id?: string; is_deleted?: boolean; last_prescription_update?: string; left_eye_axe?: number; left_eye_cyl?: number; ... 10 more ...; user_id?: string; }'. Did you mean to write 'favorite'?
src/components/ClientCard.tsx(99,43): error TS2559: Type 'string[]' has no properties in common with type 'InvalidateQueryFilters<readonly unknown[]>'.
src/components/ClientCard.tsx(239,43): error TS2559: Type 'string[]' has no properties in common with type 'InvalidateQueryFilters<readonly unknown[]>'.
src/components/ClientCard.tsx(276,43): error TS2559: Type 'string[]' has no properties in common with type 'InvalidateQueryFilters<readonly unknown[]>'.
src/components/ClientCard.tsx(556,53): error TS2339: Property 'is_deleted' does not exist on type 'Receipt'.
src/components/ClientCard.tsx(601,80): error TS2339: Property 'is_deleted' does not exist on type 'Receipt'.
src/components/ClientCard.tsx(609,74): error TS2339: Property 'is_deleted' does not exist on type 'Receipt'.
src/components/EditInvoiceDialog.tsx(89,32): error TS2339: Property 'right_eye_sph' does not exist on type 'Invoice'.
src/components/EditInvoiceDialog.tsx(90,32): error TS2339: Property 'right_eye_cyl' does not exist on type 'Invoice'.
src/components/EditInvoiceDialog.tsx(91,32): error TS2339: Property 'right_eye_axe' does not exist on type 'Invoice'.
src/components/EditInvoiceDialog.tsx(92,31): error TS2339: Property 'left_eye_sph' does not exist on type 'Invoice'.
src/components/EditInvoiceDialog.tsx(93,31): error TS2339: Property 'left_eye_cyl' does not exist on type 'Invoice'.
src/components/EditInvoiceDialog.tsx(94,31): error TS2339: Property 'left_eye_axe' does not exist on type 'Invoice'.
src/components/EditInvoiceDialog.tsx(95,28): error TS2339: Property 'add_value' does not exist on type 'Invoice'.
src/components/EditInvoiceDialog.tsx(105,29): error TS2339: Property 'item_category' does not exist on type 'InvoiceItem'.
src/components/EditInvoiceDialog.tsx(154,72): error TS2339: Property 'item_category' does not exist on type 'Partial<InvoiceItem>'.
src/components/EditInvoiceDialog.tsx(698,29): error TS2339: Property 'item_category' does not exist on type 'Partial<InvoiceItem>'.
src/components/EditInvoiceDialog.tsx(1013,47): error TS2339: Property 'item_category' does not exist on type 'Partial<InvoiceItem>'.
src/components/EditInvoiceDialog.tsx(1014,79): error TS2345: Argument of type '"item_category"' is not assignable to parameter of type 'keyof InvoiceItem'.
src/components/ImportClientsDialog.tsx(220,39): error TS2559: Type 'string[]' has no properties in common with type 'InvalidateQueryFilters<readonly unknown[]>'.
src/components/ImportClientsDialog.tsx(299,17): error TS2322: Type 'Dispatch<SetStateAction<boolean>>' is not assignable to type '(checked: CheckedState) => void'.
  Types of parameters 'value' and 'checked' are incompatible.
    Type 'CheckedState' is not assignable to type 'SetStateAction<boolean>'.
      Type '"indeterminate"' is not assignable to type 'SetStateAction<boolean>'.
src/components/ImportProductsDialog.tsx(305,17): error TS2322: Type 'Dispatch<SetStateAction<boolean>>' is not assignable to type '(checked: CheckedState) => void'.
  Types of parameters 'value' and 'checked' are incompatible.
    Type 'CheckedState' is not assignable to type 'SetStateAction<boolean>'.
      Type '"indeterminate"' is not assignable to type 'SetStateAction<boolean>'.
src/components/InvoiceDetailsDialog.tsx(162,21): error TS2339: Property 'right_eye_sph' does not exist on type 'Invoice'.
src/components/InvoiceDetailsDialog.tsx(162,46): error TS2339: Property 'right_eye_cyl' does not exist on type 'Invoice'.
src/components/InvoiceDetailsDialog.tsx(162,71): error TS2339: Property 'right_eye_axe' does not exist on type 'Invoice'.
src/components/InvoiceDetailsDialog.tsx(163,21): error TS2339: Property 'left_eye_sph' does not exist on type 'Invoice'.
src/components/InvoiceDetailsDialog.tsx(163,45): error TS2339: Property 'left_eye_cyl' does not exist on type 'Invoice'.
src/components/InvoiceDetailsDialog.tsx(163,69): error TS2339: Property 'left_eye_axe' does not exist on type 'Invoice'.
src/components/InvoiceDetailsDialog.tsx(164,21): error TS2339: Property 'add_value' does not exist on type 'Invoice'.
src/components/InvoiceDetailsDialog.tsx(179,61): error TS2339: Property 'right_eye_sph' does not exist on type 'Invoice'.
src/components/InvoiceDetailsDialog.tsx(183,61): error TS2339: Property 'right_eye_cyl' does not exist on type 'Invoice'.
src/components/InvoiceDetailsDialog.tsx(187,61): error TS2339: Property 'right_eye_axe' does not exist on type 'Invoice'.
src/components/InvoiceDetailsDialog.tsx(196,61): error TS2339: Property 'left_eye_sph' does not exist on type 'Invoice'.
src/components/InvoiceDetailsDialog.tsx(200,61): error TS2339: Property 'left_eye_cyl' does not exist on type 'Invoice'.
src/components/InvoiceDetailsDialog.tsx(204,61): error TS2339: Property 'left_eye_axe' does not exist on type 'Invoice'.
src/components/InvoiceDetailsDialog.tsx(209,26): error TS2339: Property 'add_value' does not exist on type 'Invoice'.
src/components/InvoiceDetailsDialog.tsx(212,57): error TS2339: Property 'add_value' does not exist on type 'Invoice'.
src/components/PrintInvoiceDialog.tsx(123,32): error TS2339: Property 'right_eye_sph' does not exist on type 'Invoice'.
src/components/PrintInvoiceDialog.tsx(124,32): error TS2339: Property 'right_eye_cyl' does not exist on type 'Invoice'.
src/components/PrintInvoiceDialog.tsx(125,32): error TS2339: Property 'right_eye_axe' does not exist on type 'Invoice'.
src/components/PrintInvoiceDialog.tsx(126,31): error TS2339: Property 'left_eye_sph' does not exist on type 'Invoice'.
src/components/PrintInvoiceDialog.tsx(127,31): error TS2339: Property 'left_eye_cyl' does not exist on type 'Invoice'.
src/components/PrintInvoiceDialog.tsx(128,31): error TS2339: Property 'left_eye_axe' does not exist on type 'Invoice'.
src/components/PrintInvoiceDialog.tsx(129,28): error TS2339: Property 'add_value' does not exist on type 'Invoice'.
src/components/PrintInvoiceDialog.tsx(138,24): error TS2339: Property 'item_category' does not exist on type 'InvoiceItem'.
src/components/PurchaseBalanceHistory.tsx(27,5): error TS2769: No overload matches this call.
  Overload 1 of 3, '(options: DefinedInitialDataOptions<BalanceHistoryItem[], Error, BalanceHistoryItem[], readonly unknown[]>, queryClient?: QueryClient): DefinedUseQueryResult<...>', gave the following error.
    Type '() => Promise<({ created_at: string | null; display_name: string; email: string; end_date: string | null; id: string; is_admin: boolean; is_recurring: boolean | null; price: number | null; ... 7 more ...; user_id: string; } | ... 10 more ... | { ...; })[]>' is not assignable to type 'QueryFunction<BalanceHistoryItem[], readonly unknown[]>'.
      Type 'Promise<({ created_at: string; display_name: string; email: string; end_date: string; id: string; is_admin: boolean; is_recurring: boolean; price: number; referral_code: string; referred_by: string; ... 5 more ...; user_id: string; } | ... 10 more ... | { ...; })[]>' is not assignable to type 'BalanceHistoryItem[] | Promise<BalanceHistoryItem[]>'.
        Type 'Promise<({ created_at: string; display_name: string; email: string; end_date: string; id: string; is_admin: boolean; is_recurring: boolean; price: number; referral_code: string; referred_by: string; ... 5 more ...; user_id: string; } | ... 10 more ... | { ...; })[]>' is not assignable to type 'Promise<BalanceHistoryItem[]>'.
          Type '({ created_at: string; display_name: string; email: string; end_date: string; id: string; is_admin: boolean; is_recurring: boolean; price: number; referral_code: string; referred_by: string; start_date: string; ... 4 more ...; user_id: string; } | ... 10 more ... | { ...; })[]' is not assignable to type 'BalanceHistoryItem[]'.
            Type '{ created_at: string; display_name: string; email: string; end_date: string; id: string; is_admin: boolean; is_recurring: boolean; price: number; referral_code: string; referred_by: string; start_date: string; ... 4 more ...; user_id: string; } | ... 10 more ... | { ...; }' is not assignable to type 'BalanceHistoryItem'.
              Type '{ created_at: string; display_name: string; email: string; end_date: string; id: string; is_admin: boolean; is_recurring: boolean; price: number; referral_code: string; referred_by: string; start_date: string; ... 4 more ...; user_id: string; }' is missing the following properties from type 'BalanceHistoryItem': purchase_id, previous_balance, new_balance, amount_paid, change_date
  Overload 2 of 3, '(options: UndefinedInitialDataOptions<BalanceHistoryItem[], Error, BalanceHistoryItem[], readonly unknown[]>, queryClient?: QueryClient): UseQueryResult<...>', gave the following error.
    Type '() => Promise<({ created_at: string | null; display_name: string; email: string; end_date: string | null; id: string; is_admin: boolean; is_recurring: boolean | null; price: number | null; ... 7 more ...; user_id: string; } | ... 10 more ... | { ...; })[]>' is not assignable to type 'unique symbol | QueryFunction<BalanceHistoryItem[], readonly unknown[], never>'.
      Type '() => Promise<({ created_at: string | null; display_name: string; email: string; end_date: string | null; id: string; is_admin: boolean; is_recurring: boolean | null; price: number | null; ... 7 more ...; user_id: string; } | ... 10 more ... | { ...; })[]>' is not assignable to type 'QueryFunction<BalanceHistoryItem[], readonly unknown[], never>'.
        Type 'Promise<({ created_at: string; display_name: string; email: string; end_date: string; id: string; is_admin: boolean; is_recurring: boolean; price: number; referral_code: string; referred_by: string; ... 5 more ...; user_id: string; } | ... 10 more ... | { ...; })[]>' is not assignable to type 'BalanceHistoryItem[] | Promise<BalanceHistoryItem[]>'.
          Type 'Promise<({ created_at: string; display_name: string; email: string; end_date: string; id: string; is_admin: boolean; is_recurring: boolean; price: number; referral_code: string; referred_by: string; ... 5 more ...; user_id: string; } | ... 10 more ... | { ...; })[]>' is not assignable to type 'Promise<BalanceHistoryItem[]>'.
            Type '({ created_at: string; display_name: string; email: string; end_date: string; id: string; is_admin: boolean; is_recurring: boolean; price: number; referral_code: string; referred_by: string; start_date: string; ... 4 more ...; user_id: string; } | ... 10 more ... | { ...; })[]' is not assignable to type 'BalanceHistoryItem[]'.
              Type '{ created_at: string; display_name: string; email: string; end_date: string; id: string; is_admin: boolean; is_recurring: boolean; price: number; referral_code: string; referred_by: string; start_date: string; ... 4 more ...; user_id: string; } | ... 10 more ... | { ...; }' is not assignable to type 'BalanceHistoryItem'.
                Type '{ created_at: string; display_name: string; email: string; end_date: string; id: string; is_admin: boolean; is_recurring: boolean; price: number; referral_code: string; referred_by: string; start_date: string; ... 4 more ...; user_id: string; }' is missing the following properties from type 'BalanceHistoryItem': purchase_id, previous_balance, new_balance, amount_paid, change_date
  Overload 3 of 3, '(options: UseQueryOptions<BalanceHistoryItem[], Error, BalanceHistoryItem[], readonly unknown[]>, queryClient?: QueryClient): UseQueryResult<...>', gave the following error.
    Type '() => Promise<({ created_at: string | null; display_name: string; email: string; end_date: string | null; id: string; is_admin: boolean; is_recurring: boolean | null; price: number | null; ... 7 more ...; user_id: string; } | ... 10 more ... | { ...; })[]>' is not assignable to type 'unique symbol | QueryFunction<BalanceHistoryItem[], readonly unknown[], never>'.
      Type '() => Promise<({ created_at: string | null; display_name: string; email: string; end_date: string | null; id: string; is_admin: boolean; is_recurring: boolean | null; price: number | null; ... 7 more ...; user_id: string; } | ... 10 more ... | { ...; })[]>' is not assignable to type 'QueryFunction<BalanceHistoryItem[], readonly unknown[], never>'.
        Type 'Promise<({ created_at: string; display_name: string; email: string; end_date: string; id: string; is_admin: boolean; is_recurring: boolean; price: number; referral_code: string; referred_by: string; ... 5 more ...; user_id: string; } | ... 10 more ... | { ...; })[]>' is not assignable to type 'BalanceHistoryItem[] | Promise<BalanceHistoryItem[]>'.
          Type 'Promise<({ created_at: string; display_name: string; email: string; end_date: string; id: string; is_admin: boolean; is_recurring: boolean; price: number; referral_code: string; referred_by: string; ... 5 more ...; user_id: string; } | ... 10 more ... | { ...; })[]>' is not assignable to type 'Promise<BalanceHistoryItem[]>'.
            Type '({ created_at: string; display_name: string; email: string; end_date: string; id: string; is_admin: boolean; is_recurring: boolean; price: number; referral_code: string; referred_by: string; start_date: string; ... 4 more ...; user_id: string; } | ... 10 more ... | { ...; })[]' is not assignable to type 'BalanceHistoryItem[]'.
              Type '{ created_at: string; display_name: string; email: string; end_date: string; id: string; is_admin: boolean; is_recurring: boolean; price: number; referral_code: string; referred_by: string; start_date: string; ... 4 more ...; user_id: string; } | ... 10 more ... | { ...; }' is not assignable to type 'BalanceHistoryItem'.
                Type '{ created_at: string; display_name: string; email: string; end_date: string; id: string; is_admin: boolean; is_recurring: boolean; price: number; referral_code: string; referred_by: string; start_date: string; ... 4 more ...; user_id: string; }' is missing the following properties from type 'BalanceHistoryItem': purchase_id, previous_balance, new_balance, amount_paid, change_date
src/components/PurchaseBalanceHistory.tsx(30,37): error TS2589: Type instantiation is excessively deep and possibly infinite.
src/components/PurchaseBalanceHistory.tsx(31,15): error TS2769: No overload matches this call.
  Overload 1 of 2, '(relation: "products" | "receipts" | "clients" | "subscriptions" | "suppliers" | "receipt_items" | "subscription_logs" | "purchases" | "user_information" | "invoices" | "invoice_items" | "permissions"): PostgrestQueryBuilder<...>', gave the following error.
    Argument of type '"purchase_balance_history"' is not assignable to parameter of type '"products" | "receipts" | "clients" | "subscriptions" | "suppliers" | "receipt_items" | "subscription_logs" | "purchases" | "user_information" | "invoices" | "invoice_items" | "permissions"'.
  Overload 2 of 2, '(relation: never): PostgrestQueryBuilder<{ Tables: { clients: { Row: { Add: number; assurance: string; created_at: string; favorite: boolean; gender: string; id: string; is_deleted: boolean; last_prescription_update: string; ... 12 more ...; user_id: string; }; Insert: { ...; }; Update: { ...; }; Relationships: []; }; ... 10 more ...; permissions: { ...; }; }; Views: {}; Functions: { ...; }; Enums: { ...; }; CompositeTypes: {}; }, never, never, never>', gave the following error.
    Argument of type 'string' is not assignable to parameter of type 'never'.
src/components/PurchaseBalanceHistory.tsx(79,22): error TS2339: Property 'length' does not exist on type 'any[] | TQueryFnData'.
  Property 'length' does not exist on type 'TQueryFnData'.
src/components/PurchaseBalanceHistory.tsx(107,27): error TS2339: Property 'map' does not exist on type 'any[] | TQueryFnData'.
  Property 'map' does not exist on type 'TQueryFnData'.
src/components/ReceiptEditDialog.tsx(612,69): error TS2339: Property 'client_name' does not exist on type '{ add: number; advance_payment: number; balance: number; client_id: string; cost: number; cost_ttc: number; created_at: string; delivery_status: string; discount_amount: number; discount_percentage: number; ... 24 more ...; receipt_items: { ...; }[]; }'.
src/components/ReceiptEditDialog.tsx(613,71): error TS2339: Property 'client_phone' does not exist on type '{ add: number; advance_payment: number; balance: number; client_id: string; cost: number; cost_ttc: number; created_at: string; delivery_status: string; discount_amount: number; discount_percentage: number; ... 24 more ...; receipt_items: { ...; }[]; }'.
src/components/ReceiptEditDialog.tsx(626,39): error TS2339: Property 'total_discount' does not exist on type '{ add: number; advance_payment: number; balance: number; client_id: string; cost: number; cost_ttc: number; created_at: string; delivery_status: string; discount_amount: number; discount_percentage: number; ... 24 more ...; receipt_items: { ...; }[]; }'.
src/components/ReceiptEditDialog.tsx(777,37): error TS2559: Type 'string[]' has no properties in common with type 'InvalidateQueryFilters<readonly unknown[]>'.
src/components/ReceiptEditDialog.tsx(778,37): error TS2559: Type 'string[]' has no properties in common with type 'InvalidateQueryFilters<readonly unknown[]>'.
src/hooks/useCompanies.ts(32,37): error TS2589: Type instantiation is excessively deep and possibly infinite.
src/hooks/useCompanies.ts(33,15): error TS2769: No overload matches this call.
  Overload 1 of 2, '(relation: "products" | "receipts" | "clients" | "subscriptions" | "suppliers" | "receipt_items" | "subscription_logs" | "purchases" | "user_information" | "invoices" | "invoice_items" | "permissions"): PostgrestQueryBuilder<...>', gave the following error.
    Argument of type '"companies"' is not assignable to parameter of type '"products" | "receipts" | "clients" | "subscriptions" | "suppliers" | "receipt_items" | "subscription_logs" | "purchases" | "user_information" | "invoices" | "invoice_items" | "permissions"'.
  Overload 2 of 2, '(relation: never): PostgrestQueryBuilder<{ Tables: { clients: { Row: { Add: number; assurance: string; created_at: string; favorite: boolean; gender: string; id: string; is_deleted: boolean; last_prescription_update: string; ... 12 more ...; user_id: string; }; Insert: { ...; }; Update: { ...; }; Relationships: []; }; ... 10 more ...; permissions: { ...; }; }; Views: {}; Functions: { ...; }; Enums: { ...; }; CompositeTypes: {}; }, never, never, never>', gave the following error.
    Argument of type 'string' is not assignable to parameter of type 'never'.
src/hooks/useCompanies.ts(43,14): error TS2352: Conversion of type '({ created_at: string; display_name: string; email: string; end_date: string; id: string; is_admin: boolean; is_recurring: boolean; price: number; referral_code: string; referred_by: string; start_date: string; ... 4 more ...; user_id: string; } | ... 10 more ... | { ...; })[]' to type 'Company[]' may be a mistake because neither type sufficiently overlaps with the other. If this was intentional, convert the expression to 'unknown' first.
  Type '{ created_at: string; display_name: string; email: string; end_date: string; id: string; is_admin: boolean; is_recurring: boolean; price: number; referral_code: string; referred_by: string; start_date: string; ... 4 more ...; user_id: string; } | ... 10 more ... | { ...; }' is not comparable to type 'Company'.
    Property 'name' is missing in type '{ created_at: string; description: string; id: string; invoice_id: string; is_deleted: boolean; product_name: string; quantity: number; total_price: number; unit_price: number; updated_at: string; user_id: string; }' but required in type 'Company'.
src/hooks/useCompanies.ts(60,15): error TS2769: No overload matches this call.
  Overload 1 of 2, '(relation: "products" | "receipts" | "clients" | "subscriptions" | "suppliers" | "receipt_items" | "subscription_logs" | "purchases" | "user_information" | "invoices" | "invoice_items" | "permissions"): PostgrestQueryBuilder<...>', gave the following error.
    Argument of type '"companies"' is not assignable to parameter of type '"products" | "receipts" | "clients" | "subscriptions" | "suppliers" | "receipt_items" | "subscription_logs" | "purchases" | "user_information" | "invoices" | "invoice_items" | "permissions"'.
  Overload 2 of 2, '(relation: never): PostgrestQueryBuilder<{ Tables: { clients: { Row: { Add: number; assurance: string; created_at: string; favorite: boolean; gender: string; id: string; is_deleted: boolean; last_prescription_update: string; ... 12 more ...; user_id: string; }; Insert: { ...; }; Update: { ...; }; Relationships: []; }; ... 10 more ...; permissions: { ...; }; }; Views: {}; Functions: { ...; }; Enums: { ...; }; CompositeTypes: {}; }, never, never, never>', gave the following error.
    Argument of type 'string' is not assignable to parameter of type 'never'.
src/hooks/useCompanies.ts(77,15): error TS2769: No overload matches this call.
  Overload 1 of 2, '(relation: "products" | "receipts" | "clients" | "subscriptions" | "suppliers" | "receipt_items" | "subscription_logs" | "purchases" | "user_information" | "invoices" | "invoice_items" | "permissions"): PostgrestQueryBuilder<...>', gave the following error.
    Argument of type '"companies"' is not assignable to parameter of type '"products" | "receipts" | "clients" | "subscriptions" | "suppliers" | "receipt_items" | "subscription_logs" | "purchases" | "user_information" | "invoices" | "invoice_items" | "permissions"'.
  Overload 2 of 2, '(relation: never): PostgrestQueryBuilder<{ Tables: { clients: { Row: { Add: number; assurance: string; created_at: string; favorite: boolean; gender: string; id: string; is_deleted: boolean; last_prescription_update: string; ... 12 more ...; user_id: string; }; Insert: { ...; }; Update: { ...; }; Relationships: []; }; ... 10 more ...; permissions: { ...; }; }; Views: {}; Functions: { ...; }; Enums: { ...; }; CompositeTypes: {}; }, never, never, never>', gave the following error.
    Argument of type 'string' is not assignable to parameter of type 'never'.
src/hooks/useCompanies.ts(95,15): error TS2769: No overload matches this call.
  Overload 1 of 2, '(relation: "products" | "receipts" | "clients" | "subscriptions" | "suppliers" | "receipt_items" | "subscription_logs" | "purchases" | "user_information" | "invoices" | "invoice_items" | "permissions"): PostgrestQueryBuilder<...>', gave the following error.
    Argument of type '"companies"' is not assignable to parameter of type '"products" | "receipts" | "clients" | "subscriptions" | "suppliers" | "receipt_items" | "subscription_logs" | "purchases" | "user_information" | "invoices" | "invoice_items" | "permissions"'.
  Overload 2 of 2, '(relation: never): PostgrestQueryBuilder<{ Tables: { clients: { Row: { Add: number; assurance: string; created_at: string; favorite: boolean; gender: string; id: string; is_deleted: boolean; last_prescription_update: string; ... 12 more ...; user_id: string; }; Insert: { ...; }; Update: { ...; }; Relationships: []; }; ... 10 more ...; permissions: { ...; }; }; Views: {}; Functions: { ...; }; Enums: { ...; }; CompositeTypes: {}; }, never, never, never>', gave the following error.
    Argument of type 'string' is not assignable to parameter of type 'never'.
src/pages/PrivacyPolicy.tsx(13,48): error TS2367: This comparison appears to be unintentional because the types '"ltr"' and '"rtl"' have no overlap.
src/pages/PrivacyPolicy.tsx(21,46): error TS2367: This comparison appears to be unintentional because the types '"ltr"' and '"rtl"' have no overlap.
src/pages/Subscriptions.tsx(80,39): error TS2339: Property 'id' does not exist on type 'UserSubscription'.
src/pages/Subscriptions.tsx(235,44): error TS2339: Property 'price' does not exist on type 'UserSubscription'.
src/pages/TermsOfService.tsx(13,48): error TS2367: This comparison appears to be unintentional because the types '"ltr"' and '"rtl"' have no overlap.
src/pages/TermsOfService.tsx(21,46): error TS2367: This comparison appears to be unintentional because the types '"ltr"' and '"rtl"' have no overlap.
